{
  "Value": {
    "Number": "002",
    "FullName": "Jane",
    "FormattedAddress": "456 Main St\nUSA\n"
  },
  "Formatters": [],
  "ContentTypes": [],
  "DeclaredType": null,
  "StatusCode": 200
}
