{
  "Value": {
    "Number": "003",
    "FullName": "Bob Marley",
    "FormattedAddress": null
  },
  "Formatters": [],
  "ContentTypes": [],
  "DeclaredType": null,
  "StatusCode": 200
}
